../Drivers/CMSIS/Include/core_cm4.h:1816:22:__NVIC_SetPriority	16	static
../Core/Src/main.c:59:6:SysTick_Init	16	static
../Core/Src/main.c:69:6:SysTick_Handler	4	static
../Core/Src/main.c:75:6:GPIO_port_configuration	4	static
../Core/Src/main.c:110:6:Timer_configuration_servo	16	static
../Core/Src/main.c:127:6:Timer_configuration_ultrasonic	16	static
../Core/Src/main.c:176:8:MAP	72	static
../Core/Src/main.c:184:6:Generate_Turning_Decision	16	static
../Core/Src/main.c:207:6:adjust_robot_state	24	static
../Core/Src/main.c:244:6:Adjust_Robot_By_Distance	16	static
../Core/Src/main.c:266:6:control_servo	24	static
../Core/Src/main.c:272:5:execute_PD	24	static
../Core/Src/main.c:278:7:get_sensor_value	4	static
../Core/Src/main.c:286:6:my_PD	48	static
../Core/Src/main.c:314:5:main	8	static
../Core/Src/main.c:361:6:SystemClock_Config	160	static
../Core/Src/main.c:408:13:MX_USART2_UART_Init	8	static
../Core/Src/main.c:443:13:MX_GPIO_Init	48	static
../Core/Src/main.c:479:6:Error_Handler	4	static,ignoring_inline_asm
